
Admin@DESKTOP-64D1PSK MINGW64 /d/_Dev/DEV_PROJECTS/Learning/Amigoscode/Git/Working Directory
$ ls

Admin@DESKTOP-64D1PSK MINGW64 /d/_Dev/DEV_PROJECTS/Learning/Amigoscode/Git/Working Directory
$ git init .
Initialized empty Git repository in D:/_Dev/DEV_PROJECTS/Learning/Amigoscode/Git/Working Directory/.git/

Admin@DESKTOP-64D1PSK MINGW64 /d/_Dev/DEV_PROJECTS/Learning/Amigoscode/Git/Working Directory (master)
$ ls

Admin@DESKTOP-64D1PSK MINGW64 /d/_Dev/DEV_PROJECTS/Learning/Amigoscode/Git/Working Directory (master)
$ ls
'file 1.txt'  'file 2.txt'  'file 3.txt'  'file 4.txt'

Admin@DESKTOP-64D1PSK MINGW64 /d/_Dev/DEV_PROJECTS/Learning/Amigoscode/Git/Working Directory (master)
$ git add
Nothing specified, nothing added.
hint: Maybe you wanted to say 'git add .'?
hint: Turn this message off by running
hint: "git config advice.addEmptyPathspec false"

Admin@DESKTOP-64D1PSK MINGW64 /d/_Dev/DEV_PROJECTS/Learning/Amigoscode/Git/Working Directory (master)
$ git status
On branch master

No commits yet

Untracked files:
  (use "git add <file>..." to include in what will be committed)
        file 1.txt
        file 2.txt
        file 3.txt
        file 4.txt

nothing added to commit but untracked files present (use "git add" to track)

Admin@DESKTOP-64D1PSK MINGW64 /d/_Dev/DEV_PROJECTS/Learning/Amigoscode/Git/Working Directory (master)
$ git add .

Admin@DESKTOP-64D1PSK MINGW64 /d/_Dev/DEV_PROJECTS/Learning/Amigoscode/Git/Working Directory (master)
$ ls
'file 1.txt'  'file 2.txt'  'file 3.txt'  'file 4.txt'

Admin@DESKTOP-64D1PSK MINGW64 /d/_Dev/DEV_PROJECTS/Learning/Amigoscode/Git/Working Directory (master)
$ git status
On branch master

No commits yet

Changes to be committed:
  (use "git rm --cached <file>..." to unstage)
        new file:   file 1.txt
        new file:   file 2.txt
        new file:   file 3.txt
        new file:   file 4.txt


Admin@DESKTOP-64D1PSK MINGW64 /d/_Dev/DEV_PROJECTS/Learning/Amigoscode/Git/Working Directory (master)
$ ls
'file 1.txt'  'file 2.txt'  'file 3.txt'  'file 4.txt'  'folder 1'/

Admin@DESKTOP-64D1PSK MINGW64 /d/_Dev/DEV_PROJECTS/Learning/Amigoscode/Git/Working Directory (master)
$ git status
On branch master

No commits yet

Changes to be committed:
  (use "git rm --cached <file>..." to unstage)
        new file:   file 1.txt
        new file:   file 2.txt
        new file:   file 3.txt
        new file:   file 4.txt

Untracked files:
  (use "git add <file>..." to include in what will be committed)
        folder 1/


Admin@DESKTOP-64D1PSK MINGW64 /d/_Dev/DEV_PROJECTS/Learning/Amigoscode/Git/Working Directory (master)
$ git add
Nothing specified, nothing added.
hint: Maybe you wanted to say 'git add .'?
hint: Turn this message off by running
hint: "git config advice.addEmptyPathspec false"

Admin@DESKTOP-64D1PSK MINGW64 /d/_Dev/DEV_PROJECTS/Learning/Amigoscode/Git/Working Directory (master)
$ git add.
git: 'add.' is not a git command. See 'git --help'.

The most similar command is
        add

Admin@DESKTOP-64D1PSK MINGW64 /d/_Dev/DEV_PROJECTS/Learning/Amigoscode/Git/Working Directory (master)
$ git add .

Admin@DESKTOP-64D1PSK MINGW64 /d/_Dev/DEV_PROJECTS/Learning/Amigoscode/Git/Working Directory (master)
$ git status
On branch master

No commits yet

Changes to be committed:
  (use "git rm --cached <file>..." to unstage)
        new file:   file 1.txt
        new file:   file 2.txt
        new file:   file 3.txt
        new file:   file 4.txt
        new file:   folder 1/folder 1 file 1.txt


Admin@DESKTOP-64D1PSK MINGW64 /d/_Dev/DEV_PROJECTS/Learning/Amigoscode/Git/Working Directory (master)
$ git commit -m "git testing 1"
[master (root-commit) 391cc46] git testing 1
 5 files changed, 0 insertions(+), 0 deletions(-)
 create mode 100644 file 1.txt
 create mode 100644 file 2.txt
 create mode 100644 file 3.txt
 create mode 100644 file 4.txt
 create mode 100644 folder 1/folder 1 file 1.txt

Admin@DESKTOP-64D1PSK MINGW64 /d/_Dev/DEV_PROJECTS/Learning/Amigoscode/Git/Working Directory (master)
$ git status
On branch master
nothing to commit, working tree clean

Admin@DESKTOP-64D1PSK MINGW64 /d/_Dev/DEV_PROJECTS/Learning/Amigoscode/Git/Working Directory (master)
$ git log
commit 391cc4662f6f17df2ed0b9113970ed26d0b0c655 (HEAD -> master)
Author: iroshan <iroshanhm@gmail.com>
Date:   Thu Nov 3 10:25:13 2022 +0000

    git testing 1

Admin@DESKTOP-64D1PSK MINGW64 /d/_Dev/DEV_PROJECTS/Learning/Amigoscode/Git/Working Directory (master)
$ git status
On branch master
Changes not staged for commit:
  (use "git add <file>..." to update what will be committed)
  (use "git restore <file>..." to discard changes in working directory)
        modified:   file 1.txt

no changes added to commit (use "git add" and/or "git commit -a")

Admin@DESKTOP-64D1PSK MINGW64 /d/_Dev/DEV_PROJECTS/Learning/Amigoscode/Git/Working Directory (master)
$ git diff
diff --git a/file 1.txt b/file 1.txt
index e69de29..a4f3ad5 100644
--- a/file 1.txt
+++ b/file 1.txt
@@ -0,0 +1 @@
+hello 1
\ No newline at end of file

Admin@DESKTOP-64D1PSK MINGW64 /d/_Dev/DEV_PROJECTS/Learning/Amigoscode/Git/Working Directory (master)
$ git add.
git: 'add.' is not a git command. See 'git --help'.

The most similar command is
        add

Admin@DESKTOP-64D1PSK MINGW64 /d/_Dev/DEV_PROJECTS/Learning/Amigoscode/Git/Working Directory (master)
$ git add .

Admin@DESKTOP-64D1PSK MINGW64 /d/_Dev/DEV_PROJECTS/Learning/Amigoscode/Git/Working Directory (master)
$ git diff

Admin@DESKTOP-64D1PSK MINGW64 /d/_Dev/DEV_PROJECTS/Learning/Amigoscode/Git/Working Directory (master)
$ git status
On branch master
Changes to be committed:
  (use "git restore --staged <file>..." to unstage)
        modified:   file 1.txt


Admin@DESKTOP-64D1PSK MINGW64 /d/_Dev/DEV_PROJECTS/Learning/Amigoscode/Git/Working Directory (master)
$ git commit -m "hello 1 in file 1"
[master a61b751] hello 1 in file 1
 1 file changed, 1 insertion(+)

Admin@DESKTOP-64D1PSK MINGW64 /d/_Dev/DEV_PROJECTS/Learning/Amigoscode/Git/Working Directory (master)
$ git status
On branch master
nothing to commit, working tree clean

Admin@DESKTOP-64D1PSK MINGW64 /d/_Dev/DEV_PROJECTS/Learning/Amigoscode/Git/Working Directory (master)
$ git log
commit a61b7510cfe69cd5ba44704db47afd0efbf79bf0 (HEAD -> master)
Author: iroshan <iroshanhm@gmail.com>
Date:   Thu Nov 3 10:38:06 2022 +0000

    hello 1 in file 1

commit 391cc4662f6f17df2ed0b9113970ed26d0b0c655
Author: iroshan <iroshanhm@gmail.com>
Date:   Thu Nov 3 10:25:13 2022 +0000

    git testing 1

Admin@DESKTOP-64D1PSK MINGW64 /d/_Dev/DEV_PROJECTS/Learning/Amigoscode/Git/Working Directory (master)
$ git commit -m "added hello 2"
On branch master
Changes not staged for commit:
  (use "git add <file>..." to update what will be committed)
  (use "git restore <file>..." to discard changes in working directory)
        modified:   file 1.txt

no changes added to commit (use "git add" and/or "git commit -a")

Admin@DESKTOP-64D1PSK MINGW64 /d/_Dev/DEV_PROJECTS/Learning/Amigoscode/Git/Working Directory (master)
$ git add .

Admin@DESKTOP-64D1PSK MINGW64 /d/_Dev/DEV_PROJECTS/Learning/Amigoscode/Git/Working Directory (master)
$ git commit -m "added hello 2"
[master 9ff0b75] added hello 2
 1 file changed, 2 insertions(+), 1 deletion(-)

Admin@DESKTOP-64D1PSK MINGW64 /d/_Dev/DEV_PROJECTS/Learning/Amigoscode/Git/Working Directory (master)
$ git status
On branch master
nothing to commit, working tree clean

Admin@DESKTOP-64D1PSK MINGW64 /d/_Dev/DEV_PROJECTS/Learning/Amigoscode/Git/Working Directory (master)
$ git log
commit 9ff0b75723535e050a51f688fd324ed3149aaf4a (HEAD -> master)
Author: iroshan <iroshanhm@gmail.com>
Date:   Thu Nov 3 10:47:21 2022 +0000

    added hello 2

commit a61b7510cfe69cd5ba44704db47afd0efbf79bf0
Author: iroshan <iroshanhm@gmail.com>
Date:   Thu Nov 3 10:38:06 2022 +0000

    hello 1 in file 1

commit 391cc4662f6f17df2ed0b9113970ed26d0b0c655
Author: iroshan <iroshanhm@gmail.com>
Date:   Thu Nov 3 10:25:13 2022 +0000

    git testing 1

Admin@DESKTOP-64D1PSK MINGW64 /d/_Dev/DEV_PROJECTS/Learning/Amigoscode/Git/Working Directory (master)
$ git restore
fatal: you must specify path(s) to restore

Admin@DESKTOP-64D1PSK MINGW64 /d/_Dev/DEV_PROJECTS/Learning/Amigoscode/Git/Working Directory (master)
$ git restore .

Admin@DESKTOP-64D1PSK MINGW64 /d/_Dev/DEV_PROJECTS/Learning/Amigoscode/Git/Working Directory (master)
$ git log
commit 9ff0b75723535e050a51f688fd324ed3149aaf4a (HEAD -> master)
Author: iroshan <iroshanhm@gmail.com>
Date:   Thu Nov 3 10:47:21 2022 +0000

    added hello 2

commit a61b7510cfe69cd5ba44704db47afd0efbf79bf0
Author: iroshan <iroshanhm@gmail.com>
Date:   Thu Nov 3 10:38:06 2022 +0000

    hello 1 in file 1

commit 391cc4662f6f17df2ed0b9113970ed26d0b0c655
Author: iroshan <iroshanhm@gmail.com>
Date:   Thu Nov 3 10:25:13 2022 +0000

    git testing 1

Admin@DESKTOP-64D1PSK MINGW64 /d/_Dev/DEV_PROJECTS/Learning/Amigoscode/Git/Working Directory (master)
$ git diff

Admin@DESKTOP-64D1PSK MINGW64 /d/_Dev/DEV_PROJECTS/Learning/Amigoscode/Git/Working Directory (master)
$ git status
On branch master
nothing to commit, working tree clean

Admin@DESKTOP-64D1PSK MINGW64 /d/_Dev/DEV_PROJECTS/Learning/Amigoscode/Git/Working Directory (master)
$ git log
commit 9ff0b75723535e050a51f688fd324ed3149aaf4a (HEAD -> master)
Author: iroshan <iroshanhm@gmail.com>
Date:   Thu Nov 3 10:47:21 2022 +0000

    added hello 2

commit a61b7510cfe69cd5ba44704db47afd0efbf79bf0
Author: iroshan <iroshanhm@gmail.com>
Date:   Thu Nov 3 10:38:06 2022 +0000

    hello 1 in file 1

commit 391cc4662f6f17df2ed0b9113970ed26d0b0c655
Author: iroshan <iroshanhm@gmail.com>
Date:   Thu Nov 3 10:25:13 2022 +0000

    git testing 1

Admin@DESKTOP-64D1PSK MINGW64 /d/_Dev/DEV_PROJECTS/Learning/Amigoscode/Git/Working Directory (master)
$ git diff
diff --git a/file 1.txt b/file 1.txt
index 0106616..17efcb5 100644
--- a/file 1.txt
+++ b/file 1.txt
@@ -1,2 +1,2 @@
-hello 1
+
 hello 2
\ No newline at end of file

Admin@DESKTOP-64D1PSK MINGW64 /d/_Dev/DEV_PROJECTS/Learning/Amigoscode/Git/Working Directory (master)
$ git diff
diff --git a/file 1.txt b/file 1.txt
index 0106616..6b6830b 100644
--- a/file 1.txt
+++ b/file 1.txt
@@ -1,2 +1,2 @@
-hello 1
+hello iroshan
 hello 2
\ No newline at end of file

Admin@DESKTOP-64D1PSK MINGW64 /d/_Dev/DEV_PROJECTS/Learning/Amigoscode/Git/Working Directory (master)
$ git rstore
git: 'rstore' is not a git command. See 'git --help'.

The most similar command is
        restore

Admin@DESKTOP-64D1PSK MINGW64 /d/_Dev/DEV_PROJECTS/Learning/Amigoscode/Git/Working Directory (master)
$ git restroe
git: 'restroe' is not a git command. See 'git --help'.

The most similar command is
        restore

Admin@DESKTOP-64D1PSK MINGW64 /d/_Dev/DEV_PROJECTS/Learning/Amigoscode/Git/Working Directory (master)
$ git restore
fatal: you must specify path(s) to restore

Admin@DESKTOP-64D1PSK MINGW64 /d/_Dev/DEV_PROJECTS/Learning/Amigoscode/Git/Working Directory (master)
$ git restore .

Admin@DESKTOP-64D1PSK MINGW64 /d/_Dev/DEV_PROJECTS/Learning/Amigoscode/Git/Working Directory (master)
$ git diff

Admin@DESKTOP-64D1PSK MINGW64 /d/_Dev/DEV_PROJECTS/Learning/Amigoscode/Git/Working Directory (master)
$ git log
commit 9ff0b75723535e050a51f688fd324ed3149aaf4a (HEAD -> master)
Author: iroshan <iroshanhm@gmail.com>
Date:   Thu Nov 3 10:47:21 2022 +0000

    added hello 2

commit a61b7510cfe69cd5ba44704db47afd0efbf79bf0
Author: iroshan <iroshanhm@gmail.com>
Date:   Thu Nov 3 10:38:06 2022 +0000

    hello 1 in file 1

commit 391cc4662f6f17df2ed0b9113970ed26d0b0c655
Author: iroshan <iroshanhm@gmail.com>
Date:   Thu Nov 3 10:25:13 2022 +0000

    git testing 1

Admin@DESKTOP-64D1PSK MINGW64 /d/_Dev/DEV_PROJECTS/Learning/Amigoscode/Git/Working Directory (master)
$
