
Admin@DESKTOP-64D1PSK MINGW64 /d/_Dev/DEV_PROJECTS/Learning/Amigoscode/Git/Working Directory (package1)
$ git push -u
fatal: The current branch package1 has no upstream branch.
To push the current branch and set the remote as upstream, use

    git push --set-upstream origin package1


Admin@DESKTOP-64D1PSK MINGW64 /d/_Dev/DEV_PROJECTS/Learning/Amigoscode/Git/Working Directory (package1)
$  git push --set-upstream origin package1

Enumerating objects: 11, done.
Counting objects: 100% (11/11), done.
Delta compression using up to 4 threads
Compressing objects: 100% (5/5), done.
Writing objects: 100% (8/8), 613 bytes | 306.00 KiB/s, done.
Total 8 (delta 2), reused 0 (delta 0), pack-reused 0
remote: Resolving deltas: 100% (2/2), completed with 2 local objects.
remote:
remote: Create a pull request for 'package1' on GitHub by visiting:
remote:      https://github.com/iroshanhm/Learning-Git/pull/new/package1
remote:
To https://github.com/iroshanhm/Learning-Git.git
 * [new branch]      package1 -> package1
Branch 'package1' set up to track remote branch 'package1' from 'origin'.

Admin@DESKTOP-64D1PSK MINGW64 /d/_Dev/DEV_PROJECTS/Learning/Amigoscode/Git/Working Directory (package1)
$

Admin@DESKTOP-64D1PSK MINGW64 /d/_Dev/DEV_PROJECTS/Learning/Amigoscode/Git/Working Directory (package1)
$  git checkout
Your branch is up to date with 'origin/package1'.

Admin@DESKTOP-64D1PSK MINGW64 /d/_Dev/DEV_PROJECTS/Learning/Amigoscode/Git/Working Directory (package1)
$  git checkout -
Switched to branch 'main'
Your branch is up to date with 'origin/main'.

Admin@DESKTOP-64D1PSK MINGW64 /d/_Dev/DEV_PROJECTS/Learning/Amigoscode/Git/Working Directory (main)
$ git push
Everything up-to-date

Admin@DESKTOP-64D1PSK MINGW64 /d/_Dev/DEV_PROJECTS/Learning/Amigoscode/Git/Working Directory (main)
$ git status
On branch main
Your branch is up to date with 'origin/main'.

Untracked files:
  (use "git add <file>..." to include in what will be committed)
        git commands 2.txt

nothing added to commit but untracked files present (use "git add" to track)

Admin@DESKTOP-64D1PSK MINGW64 /d/_Dev/DEV_PROJECTS/Learning/Amigoscode/Git/Working Directory (main)
$ git add .

Admin@DESKTOP-64D1PSK MINGW64 /d/_Dev/DEV_PROJECTS/Learning/Amigoscode/Git/Working Directory (main)
$ git commit
hint: Waiting for your editor to close the file... error: There was a problem with the editor 'vi'.
Please supply the message using either -m or -F option.

Admin@DESKTOP-64D1PSK MINGW64 /d/_Dev/DEV_PROJECTS/Learning/Amigoscode/Git/Working Directory (main)
$ git commit -m "add git command 2 file"
[main 0537be6] add git command 2 file
 1 file changed, 32 insertions(+)
 create mode 100644 git commands 2.txt

Admin@DESKTOP-64D1PSK MINGW64 /d/_Dev/DEV_PROJECTS/Learning/Amigoscode/Git/Working Directory (main)
$ git push
Enumerating objects: 4, done.
Counting objects: 100% (4/4), done.
Delta compression using up to 4 threads
Compressing objects: 100% (3/3), done.
Writing objects: 100% (3/3), 775 bytes | 775.00 KiB/s, done.
Total 3 (delta 1), reused 0 (delta 0), pack-reused 0
remote: Resolving deltas: 100% (1/1), completed with 1 local object.
To https://github.com/iroshanhm/Learning-Git.git
   a26c987..0537be6  main -> main

Admin@DESKTOP-64D1PSK MINGW64 /d/_Dev/DEV_PROJECTS/Learning/Amigoscode/Git/Working Directory (main)
$ git merge package1
Merge made by the 'recursive' strategy.
 Learning-Git/src/com/iro/package1/Test1.java | 7 +++++++
 1 file changed, 7 insertions(+)
 create mode 100644 Learning-Git/src/com/iro/package1/Test1.java

Admin@DESKTOP-64D1PSK MINGW64 /d/_Dev/DEV_PROJECTS/Learning/Amigoscode/Git/Working Directory (main)
$ git log --oneline
e8d25a3 (HEAD -> main) Merge branch 'package1'
0537be6 (origin/main) add git command 2 file
57bc5ed (origin/package1, package1) Start new package
a26c987 Update Main.java
6a5b986 Create README.md
84e4573 Add new line for checking the push
d60a6ce Change Hello World to Hello Iroshan
7390220 Project created
85615c9 Delete file 4.txt
646d613 Delete file 3.txt
31de3c5 Delete file 2.txt
3b894be Delete file 1.txt
e39da44 Delete folder 1 directory
9ff0b75 added hello 2
a61b751 hello 1 in file 1
391cc46 git testing 1

Admin@DESKTOP-64D1PSK MINGW64 /d/_Dev/DEV_PROJECTS/Learning/Amigoscode/Git/Working Directory (main)
$
